// Jest Snapshot v1, https://goo.gl/fbAQLP

exports[`missions Component test Renders Mission Row 1`] = `
Array [
  <div
    className="logo-container disp-flex"
  >
    <div
      className="logo asef-center"
    >
      Your
      <span>
        Crypto
      </span>
      Day
    </div>
    <div>
      <img
        alt="user-icon"
        className="user-icon asef-center"
        src="user.png"
      />
    </div>
  </div>,
  <div
    className="header"
  >
    <div
      className="header-text asef-center"
    >
      <p>
        Start The day with coffee,
      </p>
      <p>
        End The day with crypto
      </p>
    </div>
  </div>,
  <div>
    <div
      className="search-container disp-flex"
    >
      <p
        className="top-cryptos"
      >
        Top 50 current cryptos
      </p>
      <div
        className="search-box disp-flex"
      >
        <input
          className="input"
          onChange={[Function]}
          placeholder="search..."
          type="search"
          value=""
        />
        <div
          className="search-img-cont disp-flex"
        >
          <img
            alt="search-icon"
            className="search-icon asef-center"
            src="search.png"
          />
        </div>
      </div>
    </div>
  </div>,
  <div
    className="samples-container"
  />,
]
`;
